**********************
Windows PowerShell transcript start
Start time: 20240325170108
Username: 8D1556A9127C5C4\Administrator
RunAs User: 8D1556A9127C5C4\Administrator
Configuration Name: 
Machine: 8D1556A9127C5C4 (Microsoft Windows NT 10.0.19045.0)
Host Application: C:\Windows\System32\WindowsPowerShell\v1.0\powershell.exe
Process ID: 5100
PSVersion: 5.1.19041.4046
PSEdition: Desktop
PSCompatibleVersions: 1.0, 2.0, 3.0, 4.0, 5.0, 5.1.19041.4046
BuildVersion: 10.0.19041.4046
CLRVersion: 4.0.30319.42000
WSManStackVersion: 3.0
PSRemotingProtocolVersion: 2.3
SerializationVersion: 1.1.0.1
**********************
Transcript started, output file is Anu.log
PS C:\Users\Administrator> cd "C:\Users\Administrator\Desktop\QA Training"
PS C:\Users\Administrator\Desktop\QA Training> git --version
git version 2.44.0.windows.1
PS C:\Users\Administrator\Desktop\QA Training> git clone https://github.com/sureshnanjan/ust-global-training2024
Cloning into 'ust-global-training2024'...
remote: Enumerating objects: 24, done.
remote: Counting objects: 100% (24/24), done.
remote: Compressing objects: 100% (21/21), done.
remote: Total 24 (delta 4), reused 19 (delta 2), pack-reused 0
Receiving objects: 100% (24/24), 6.50 KiB | 2.17 MiB/s, done.
Resolving deltas: 100% (4/4), done.
PS C:\Users\Administrator\Desktop\QA Training> Set-Location ust-global-training2024
PS C:\Users\Administrator\Desktop\QA Training\ust-global-training2024> git status
On branch main
Your branch is up to date with 'origin/main'.

nothing to commit, working tree clean
PS C:\Users\Administrator\Desktop\QA Training\ust-global-training2024> git checkout -b Anu
Switched to a new branch 'Anu'
PS C:\Users\Administrator\Desktop\QA Training\ust-global-training2024> git status
On branch Anu
nothing to commit, working tree clean
PS C:\Users\Administrator\Desktop\QA Training\ust-global-training2024> Stop-Transcript
**********************
Windows PowerShell transcript end
End time: 20240325170737
**********************
