**********************
Windows PowerShell transcript start
Start time: 20240326115949
Username: 3BFCD3A81CE45B4\Administrator
RunAs User: 3BFCD3A81CE45B4\Administrator
Configuration Name: 
Machine: 3BFCD3A81CE45B4 (Microsoft Windows NT 10.0.19045.0)
Host Application: C:\Windows\System32\WindowsPowerShell\v1.0\powershell.exe
Process ID: 10596
PSVersion: 5.1.19041.4046
PSEdition: Desktop
PSCompatibleVersions: 1.0, 2.0, 3.0, 4.0, 5.0, 5.1.19041.4046
BuildVersion: 10.0.19041.4046
CLRVersion: 4.0.30319.42000
WSManStackVersion: 3.0
PSRemotingProtocolVersion: 2.3
SerializationVersion: 1.1.0.1
**********************
Transcript started, output file is AnuPaul.log
PS C:\Users\Administrator> New-Item -Path 'D:\SeleniumAutomation\WorkSpace' -Name 'QA-Training' -ItemType Directory


    Directory: D:\SeleniumAutomation\WorkSpace


Mode                 LastWriteTime         Length Name
----                 -------------         ------ ----
d-----        26-03-2024     12:00                QA-Training


PS C:\Users\Administrator> git --version
git version 2.44.0.windows.1
PS C:\Users\Administrator> git clone https://github.com/sureshnanjan/ust-global-training2024.git
Cloning into 'ust-global-training2024'...
remote: Enumerating objects: 79, done.
remote: Counting objects: 100% (79/79), done.
remote: Compressing objects: 100% (73/73), done.
remote: Total 79 (delta 28), reused 52 (delta 4), pack-reused 0
Receiving objects: 100% (79/79), 18.53 KiB | 1.54 MiB/s, done.
Resolving deltas: 100% (28/28), done.
PS C:\Users\Administrator> Set-Location ust-global-training2024
PS C:\Users\Administrator\ust-global-training2024> git status
On branch main
Your branch is up to date with 'origin/main'.

nothing to commit, working tree clean
PS C:\Users\Administrator\ust-global-training2024> git checkout -b AnuPaul-branch
Switched to a new branch 'AnuPaul-branch'
PS C:\Users\Administrator\ust-global-training2024> git status
On branch AnuPaul-branch
nothing to commit, working tree clean
PS C:\Users\Administrator\ust-global-training2024> Stop-Transcript
**********************
Windows PowerShell transcript end
End time: 20240326120250
**********************
