**********************
Windows PowerShell transcript start
Start time: 20240326185314
Username: 68718B0DF07C57C\Administrator
RunAs User: 68718B0DF07C57C\Administrator
Configuration Name: 
Machine: 68718B0DF07C57C (Microsoft Windows NT 10.0.19045.0)
Host Application: C:\Windows\System32\WindowsPowerShell\v1.0\powershell.exe
Process ID: 11460
PSVersion: 5.1.19041.4046
PSEdition: Desktop
PSCompatibleVersions: 1.0, 2.0, 3.0, 4.0, 5.0, 5.1.19041.4046
BuildVersion: 10.0.19041.4046
CLRVersion: 4.0.30319.42000
WSManStackVersion: 3.0
PSRemotingProtocolVersion: 2.3
SerializationVersion: 1.1.0.1
**********************
Transcript started, output file is HarishTest.log
PS C:\Users\Administrator> New-Item -Path C:\Users\Administrator\C#_Training -Name 'QA-Training' -ItemType Directory


    Directory: C:\Users\Administrator\C#_Training


Mode                 LastWriteTime         Length Name
----                 -------------         ------ ----
d-----        26-03-2024     18:54                QA-Training


PS C:\Users\Administrator> git --version
git version 2.44.0.windows.1
PS C:\Users\Administrator> git clone https://github.com/sureshnanjan/ust-global-training2024.git
Cloning into 'ust-global-training2024'...
remote: Enumerating objects: 116, done.
remote: Counting objects: 100% (8/8), done.
remote: Compressing objects: 100% (6/6), done.
remote: Total 116 (delta 3), reused 5 (delta 2), pack-reused 108
Receiving objects: 100% (116/116), 26.58 KiB | 1.66 MiB/s, done.
Resolving deltas: 100% (45/45), done.
PS C:\Users\Administrator> Set-Location ust-global-training2024
PS C:\Users\Administrator\ust-global-training2024> git status
On branch main
Your branch is up to date with 'origin/main'.

nothing to commit, working tree clean
PS C:\Users\Administrator\ust-global-training2024> git checkout -b Harish -branch
Switched to a new branch 'ranch'
PS C:\Users\Administrator\ust-global-training2024> git status
On branch ranch
nothing to commit, working tree clean
PS C:\Users\Administrator\ust-global-training2024> git checkout -b Harish-branch
Switched to a new branch 'Harish-branch'
PS C:\Users\Administrator\ust-global-training2024> git status
On branch Harish-branch
nothing to commit, working tree clean
PS C:\Users\Administrator\ust-global-training2024> Stop-Transcript
**********************
Windows PowerShell transcript end
End time: 20240326190057
**********************
