**********************
Windows PowerShell transcript start
Start time: 20240420232747
Username: EE978B5F153D56B\Administrator
RunAs User: EE978B5F153D56B\Administrator
Configuration Name: 
Machine: EE978B5F153D56B (Microsoft Windows NT 10.0.19045.0)
Host Application: C:\Windows\System32\WindowsPowerShell\v1.0\powershell.exe
Process ID: 8988
PSVersion: 5.1.19041.4046
PSEdition: Desktop
PSCompatibleVersions: 1.0, 2.0, 3.0, 4.0, 5.0, 5.1.19041.4046
BuildVersion: 10.0.19041.4046
CLRVersion: 4.0.30319.42000
WSManStackVersion: 3.0
PSRemotingProtocolVersion: 2.3
SerializationVersion: 1.1.0.1
**********************
Transcript started, output file is LekshmiMohan.log
PS C:\Users\Administrator> 3.1. New-Item -Path <C:\Users\Administrator\Desktop\QAAutomation_C#> -Name ‘QA-Training’ -ItemType Directory
At line:1 char:9
+ 3.1. New-Item -Path <C:\Users\Administrator\Desktop\QAAutomation_C#>  ...
+         ~~~~~
Unexpected token '-Item' in expression or statement.

At line:1 char:15
+ 3.1. New-Item -Path <C:\Users\Administrator\Desktop\QAAutomation_C#>  ...
+               ~~~~~
Unexpected token '-Path' in expression or statement.

At line:1 char:21
+ 3.1. New-Item -Path <C:\Users\Administrator\Desktop\QAAutomation_C#>  ...
+                     ~
The '<' operator is reserved for future use.
At line:1 char:9
+ 3.1. New-Item -Path <C:\Users\Administrator\Desktop\QAAutomation_C#>  ...
+         ~~~~~
Unexpected token '-Item' in expression or statement.

At line:1 char:15
+ 3.1. New-Item -Path <C:\Users\Administrator\Desktop\QAAutomation_C#>  ...
+               ~~~~~
Unexpected token '-Path' in expression or statement.

At line:1 char:21
+ 3.1. New-Item -Path <C:\Users\Administrator\Desktop\QAAutomation_C#>  ...
+                     ~
The '<' operator is reserved for future use.
    + CategoryInfo          : ParserError: (:) [], ParentContainsErrorRecordException
    + FullyQualifiedErrorId : UnexpectedToken

PS C:\Users\Administrator> New-Item -Path <C:\Users\Administrator\Desktop\QAAutomation_C#> -Name ‘QA-Training’ -ItemType Directory
At line:1 char:16
+ New-Item -Path <C:\Users\Administrator\Desktop\QAAutomation_C#> -Name ...
+                ~
The '<' operator is reserved for future use.
At line:1 char:16
+ New-Item -Path <C:\Users\Administrator\Desktop\QAAutomation_C#> -Name ...
+                ~
The '<' operator is reserved for future use.
    + CategoryInfo          : ParserError: (:) [], ParentContainsErrorRecordException
    + FullyQualifiedErrorId : RedirectionNotSupported

PS C:\Users\Administrator> New-Item -Path C:\Users\Administrator\Desktop\QAAutomation_C# -Name ‘QA-Training’ -ItemType Directory


    Directory: C:\Users\Administrator\Desktop\QAAutomation_C#


Mode                 LastWriteTime         Length Name
----                 -------------         ------ ----
d-----        20-04-2024     23:30                QA-Training


PS C:\Users\Administrator> Invoke-WebRequest -Uri https://github.com/git-for-windows/git/releases/download/v2.44.0.windows.1/Git-2.44.0-64-bit.exe -OutFile git-installer.exe
PS C:\Users\Administrator> .\git-installer.exe /VERYSILENT /NORESTART
PS C:\Users\Administrator> git clone https://github.com/sureshnanjan/ust-global-training2024.git
fatal: destination path 'ust-global-training2024' already exists and is not an empty directory.
PS C:\Users\Administrator> Set-Location ust-global-training2024
PS C:\Users\Administrator\ust-global-training2024> git status
On branch ranch
Your branch is up to date with 'origin/ranch'.

nothing to commit, working tree clean
PS C:\Users\Administrator\ust-global-training2024> git checkout -b LekshmiMohan-branch
Switched to a new branch 'LekshmiMohan-branch'
PS C:\Users\Administrator\ust-global-training2024> git status
On branch LekshmiMohan-branch
nothing to commit, working tree clean
PS C:\Users\Administrator\ust-global-training2024> Stop-Transcript
**********************
Windows PowerShell transcript end
End time: 20240420233652
**********************
