**********************
Windows PowerShell transcript start
Start time: 20240325192419
Username: USTR\231206
RunAs User: USTR\231206
Configuration Name: 
Machine: M305LTRV (Microsoft Windows NT 10.0.19045.0)
Host Application: C:\Windows\System32\WindowsPowerShell\v1.0\powershell.exe
Process ID: 14816
PSVersion: 5.1.19041.3930
PSEdition: Desktop
PSCompatibleVersions: 1.0, 2.0, 3.0, 4.0, 5.0, 5.1.19041.3930
BuildVersion: 10.0.19041.3930
CLRVersion: 4.0.30319.42000
WSManStackVersion: 3.0
PSRemotingProtocolVersion: 2.3
SerializationVersion: 1.1.0.1
**********************
Transcript started, output file is manjush.log
PS C:\Users\231206> New-Item -Path "C:\Users\231206\Desktop\Automation Training" -Name ‘QA-Training’ -ItemType Directory 


    Directory: C:\Users\231206\Desktop\Automation Training


Mode                 LastWriteTime         Length Name
----                 -------------         ------ ----
d-----         3/25/2024   7:31 PM                QA-Training


PS C:\Users\231206> git clone https://github.com/Manjushkumarv.git
Cloning into 'Manjushkumarv'...
fatal: unable to access 'https://github.com/Manjushkumarv.git/': SSL certificate problem: unable to get local issuer cer
tificate
PS C:\Users\231206> git clone https://github.com/Manjushkumarv
Cloning into 'Manjushkumarv'...
fatal: unable to access 'https://github.com/Manjushkumarv/': SSL certificate problem: unable to get local issuer certifi
cate
PS C:\Users\231206> git config --global http.sslverify "false"

PS C:\Users\231206> git clone https://github.com/Manjushkumarv.git
Cloning into 'Manjushkumarv'...
remote: Not Found
fatal: repository 'https://github.com/Manjushkumarv.git/' not found
PS C:\Users\231206> git clone https://github.com/Manjushkumarv
Cloning into 'Manjushkumarv'...
remote: Not Found
fatal: repository 'https://github.com/Manjushkumarv/' not found
PS C:\Users\231206> git config --global http.sslverify "true"

PS C:\Users\231206> git clone https://github.com/Manjushkumarv
Cloning into 'Manjushkumarv'...
fatal: unable to access 'https://github.com/Manjushkumarv/': SSL certificate problem: unable to get local issuer certificate
PS C:\Users\231206> New-Item -Path "C:\Users\231206\Desktop\Automation Training" -Name ‘QA-Training’ -ItemType Directory 
New-Item : An item with the specified name C:\Users\231206\Desktop\Automation Training\QA-Training already exists.
At line:1 char:1
+ New-Item -Path "C:\Users\231206\Desktop\Automation Training" -Name ‘Q ...
+ ~~~~~~~~~~~~~~~~~~~~~~~~~~~~~~~~~~~~~~~~~~~~~~~~~~~~~~~~~~~~~~~~~~~~~
    + CategoryInfo          : ResourceExists: (C:\Users\231206...ing\QA-Training:String) [New-Item], IOException
    + FullyQualifiedErrorId : DirectoryExist,Microsoft.PowerShell.Commands.NewItemCommand
New-Item : An item with the specified name C:\Users\231206\Desktop\Automation Training\QA-Training already exists.
At line:1 char:1
+ New-Item -Path "C:\Users\231206\Desktop\Automation Training" -Name ‘Q ...
+ ~~~~~~~~~~~~~~~~~~~~~~~~~~~~~~~~~~~~~~~~~~~~~~~~~~~~~~~~~~~~~~~~~~~~~
    + CategoryInfo          : ResourceExists: (C:\Users\231206...ing\QA-Training:String) [New-Item], IOException
    + FullyQualifiedErrorId : DirectoryExist,Microsoft.PowerShell.Commands.NewItemCommand

PS C:\Users\231206> git clone https://github.com/Manjushkumarv
Cloning into 'Manjushkumarv'...
fatal: unable to access 'https://github.com/Manjushkumarv/': SSL certificate problem: unable to get local issuer certifi
cate
PS C:\Users\231206> git config --global http.sslverify false

PS C:\Users\231206> git clone https://github.com/Manjushkumarv.git
Cloning into 'Manjushkumarv'...
remote: Not Found
fatal: repository 'https://github.com/Manjushkumarv.git/' not found
PS C:\Users\231206> git clone https://github.com/Manjushkumarv
Cloning into 'Manjushkumarv'...
remote: Not Found
fatal: repository 'https://github.com/Manjushkumarv/' not found
PS C:\Users\231206> git clone https://github.com/sureshnanjan/ust-global-training2024.git
Cloning into 'ust-global-training2024'...
remote: Enumerating objects: 30, done.
remote: Counting objects: 100% (30/30), done.
remote: Compressing objects: 100% (27/27), done.
remote: Total 30 (delta 7), reused 22 (delta 2), pack-reused 0
Receiving objects: 100% (30/30), 7.60 KiB | 1.27 MiB/s, done.
Resolving deltas: 100% (7/7), done.
PS C:\Users\231206> Set-Location ust-global-training2024
PS C:\Users\231206\ust-global-training2024> git status
On branch main
Your branch is up to date with 'origin/main'.

nothing to commit, working tree clean
PS C:\Users\231206\ust-global-training2024> git checkout -b <yourname>-branch  
At line:1 char:17
+ git checkout -b <yourname>-branch
+                 ~
The '<' operator is reserved for future use.
At line:1 char:17
+ git checkout -b <yourname>-branch
+                 ~
The '<' operator is reserved for future use.
    + CategoryInfo          : ParserError: (:) [], ParentContainsErrorRecordException
    + FullyQualifiedErrorId : RedirectionNotSupported

PS C:\Users\231206\ust-global-training2024> git checkout -b manjush-branch  
Switched to a new branch 'manjush-branch'
PS C:\Users\231206\ust-global-training2024> git status
On branch manjush-branch
nothing to commit, working tree clean
PS C:\Users\231206\ust-global-training2024> Stop-Transcript
**********************
Windows PowerShell transcript end
End time: 20240326100943
**********************
