**********************
Windows PowerShell transcript start
Start time: 20240326103650
Username: D3528B7EFF3B5D3\Administrator
RunAs User: D3528B7EFF3B5D3\Administrator
Configuration Name: 
Machine: D3528B7EFF3B5D3 (Microsoft Windows NT 10.0.19045.0)
Host Application: C:\Windows\System32\WindowsPowerShell\v1.0\powershell.exe
Process ID: 1996
PSVersion: 5.1.19041.4046
PSEdition: Desktop
PSCompatibleVersions: 1.0, 2.0, 3.0, 4.0, 5.0, 5.1.19041.4046
BuildVersion: 10.0.19041.4046
CLRVersion: 4.0.30319.42000
WSManStackVersion: 3.0
PSRemotingProtocolVersion: 2.3
SerializationVersion: 1.1.0.1
**********************
Transcript started, output file is Minnu.log
PS C:\Users\Administrator> git --version
git version 2.44.0.windows.1
PS C:\Users\Administrator> git clone https://github.com/sureshnanjan/ust-global-training2024.git
fatal: destination path 'ust-global-training2024' already exists and is not an empty directory.
PS C:\Users\Administrator> Set-Location ust-global-training2024
PS C:\Users\Administrator\ust-global-training2024> git status
On branch Minnu-branch
nothing to commit, working tree clean
PS C:\Users\Administrator\ust-global-training2024> git checkout -b Minnu-branch
fatal: a branch named 'Minnu-branch' already exists
PS C:\Users\Administrator\ust-global-training2024> git status
On branch Minnu-branch
nothing to commit, working tree clean
PS C:\Users\Administrator\ust-global-training2024> Stop-Transcript
**********************
Windows PowerShell transcript end
End time: 20240326103941
**********************
