**********************
Windows PowerShell transcript start
Start time: 20240327151341
Username: 9B61CD76D28E5C8\Administrator
RunAs User: 9B61CD76D28E5C8\Administrator
Configuration Name: 
Machine: 9B61CD76D28E5C8 (Microsoft Windows NT 10.0.19045.0)
Host Application: C:\Windows\System32\WindowsPowerShell\v1.0\powershell.exe
Process ID: 2200
PSVersion: 5.1.19041.4046
PSEdition: Desktop
PSCompatibleVersions: 1.0, 2.0, 3.0, 4.0, 5.0, 5.1.19041.4046
BuildVersion: 10.0.19041.4046
CLRVersion: 4.0.30319.42000
WSManStackVersion: 3.0
PSRemotingProtocolVersion: 2.3
SerializationVersion: 1.1.0.1
**********************
Transcript started, output file is pranav.log
PS C:\Users\Administrator\ust-global-training2024> $Env:Path = "C:\Windows\Microsoft.NET\Framework64\v4.0.30319;" + $Env:Path
PS C:\Users\Administrator\ust-global-training2024> csc /?
Microsoft (R) Visual C# Compiler version 4.8.4084.0
for C# 5
Copyright (C) Microsoft Corporation. All rights reserved.

This compiler is provided as part of the Microsoft (R) .NET Framework, but only supports language versions up to C# 5, which is no longer the latest version. For compiler
s that support newer versions of the C# programming language, see http://go.microsoft.com/fwlink/?LinkID=533240

                        Visual C# Compiler Options

                        - OUTPUT FILES -
/out:<file>                    Specify output file name (default: base name of file with main class or first file)
/target:exe                    Build a console executable (default) (Short form: /t:exe)
/target:winexe                 Build a Windows executable (Short form: /t:winexe)
/target:library                Build a library (Short form: /t:library)
/target:module                 Build a module that can be added to another assembly (Short form: /t:module)
/target:appcontainerexe        Build an Appcontainer executable (Short form: /t:appcontainerexe)
/target:winmdobj               Build a Windows Runtime intermediate file that is consumed by WinMDExp (Short form: /t:winmdobj)
/doc:<file>                    XML Documentation file to generate
/platform:<string>             Limit which platforms this code can run on: x86, Itanium, x64, arm, anycpu32bitpreferred, or anycpu. The default is anycpu.

                        - INPUT FILES -
/recurse:<wildcard>            Include all files in the current directory and subdirectories according to the wildcard specifications
/reference:<alias>=<file>      Reference metadata from the specified assembly file using the given alias (Short form: /r)
/reference:<file list>         Reference metadata from the specified assembly files (Short form: /r)
/addmodule:<file list>         Link the specified modules into this assembly
/link:<file list>              Embed metadata from the specified interop assembly files (Short form: /l)

                        - RESOURCES -
/win32res:<file>               Specify a Win32 resource file (.res)
/win32icon:<file>              Use this icon for the output
/win32manifest:<file>          Specify a Win32 manifest file (.xml)
/nowin32manifest               Do not include the default Win32 manifest
/resource:<resinfo>            Embed the specified resource (Short form: /res)
/linkresource:<resinfo>        Link the specified resource to this assembly (Short form: /linkres)
                               Where the resinfo format is <file>[,<string name>[,public|private]]

                        - CODE GENERATION -
/debug[+|-]                    Emit debugging information
/debug:{full|pdbonly}          Specify debugging type ('full' is default, and enables attaching a debugger to a running program)
/optimize[+|-]                 Enable optimizations (Short form: /o)

                        - ERRORS AND WARNINGS -
/warnaserror[+|-]              Report all warnings as errors
/warnaserror[+|-]:<warn list>  Report specific warnings as errors
/warn:<n>                      Set warning level (0-4) (Short form: /w)
/nowarn:<warn list>            Disable specific warning messages

                        - LANGUAGE -
/checked[+|-]                  Generate overflow checks
/unsafe[+|-]                   Allow 'unsafe' code
/define:<symbol list>          Define conditional compilation symbol(s) (Short form: /d)
/langversion:<string>          Specify language version mode: ISO-1, ISO-2, 3, 4, 5, or Default

                        - SECURITY -
/delaysign[+|-]                Delay-sign the assembly using only the public portion of the strong name key
/keyfile:<file>                Specify a strong name key file
/keycontainer:<string>         Specify a strong name key container
/highentropyva[+|-]            Enable high-entropy ASLR
/enforcecodeintegrity[+|-]     Enforce code intergrity checks on all inputs to the compiler and enable loading compiled assemblies by other programs that enforce code
                               integrity if the operating system is configured to do so.

                        - MISCELLANEOUS -
@<file>                        Read response file for more options
/help                          Display this usage message (Short form: /?)
/nologo                        Suppress compiler copyright message
/noconfig                      Do not auto include CSC.RSP file

                        - ADVANCED -
/baseaddress:<address>         Base address for the library to be built
/bugreport:<file>              Create a 'Bug Report' file
/codepage:<n>                  Specify the codepage to use when opening source files
/utf8output                    Output compiler messages in UTF-8 encoding
/main:<type>                   Specify the type that contains the entry point (ignore all other possible entry points) (Short form: /m)
/fullpaths                     Compiler generates fully qualified paths
/filealign:<n>                 Specify the alignment used for output file sections
/pdb:<file>                    Specify debug information file name (default: output file name with .pdb extension)
/errorendlocation              Output line and column of the end location of each error
/preferreduilang               Specify the preferred output language name.
/nostdlib[+|-]                 Do not reference standard library (mscorlib.dll)
/subsystemversion:<string>     Specify subsystem version of this assembly
/lib:<file list>               Specify additional directories to search in for references
/errorreport:<string>          Specify how to handle internal compiler errors: prompt, send, queue, or none. The default is queue.
/appconfig:<file>              Specify an application configuration file containing assembly binding settings
/moduleassemblyname:<string>   Name of the assembly which this module will be a part of
PS C:\Users\Administrator\ust-global-training2024>  csc /target:library .\Library.cs
Microsoft (R) Visual C# Compiler version 4.8.4084.0
for C# 5
Copyright (C) Microsoft Corporation. All rights reserved.

This compiler is provided as part of the Microsoft (R) .NET Framework, but only supports language versions up to C# 5, which is no longer the latest version. For compiler
s that support newer versions of the C# programming language, see http://go.microsoft.com/fwlink/?LinkID=533240

Library.cs(13,18): error CS0117: 'System.Console' does not contain a definition for 'Writeline'
Library.cs(17,21): error CS0117: 'System.Console' does not contain a definition for 'Writeline'
PS C:\Users\Administrator\ust-global-training2024>  csc /target:library .\Library.cs
Microsoft (R) Visual C# Compiler version 4.8.4084.0
for C# 5
Copyright (C) Microsoft Corporation. All rights reserved.

This compiler is provided as part of the Microsoft (R) .NET Framework, but only supports language versions up to C# 5, which is no longer the latest version. For compiler
s that support newer versions of the C# programming language, see http://go.microsoft.com/fwlink/?LinkID=533240

Library.cs(5,8): warning CS0169: The field 'pranav.training.TrainingDashboard.TrainerName' is never used
Library.cs(6,8): warning CS0169: The field 'pranav.training.TrainingDashboard.startdate' is never used
Library.cs(7,8): warning CS0169: The field 'pranav.training.TrainingDashboard.enddate' is never used
Library.cs(8,10): warning CS0169: The field 'pranav.training.TrainingDashboard.participants' is never used
Library.cs(9,10): warning CS0169: The field 'pranav.training.TrainingDashboard.topics' is never used
PS C:\Users\Administrator\ust-global-training2024> csc /reference:mylibrary.dll .\Program1.cs
Microsoft (R) Visual C# Compiler version 4.8.4084.0
for C# 5
Copyright (C) Microsoft Corporation. All rights reserved.

This compiler is provided as part of the Microsoft (R) .NET Framework, but only supports language versions up to C# 5, which is no longer the latest version. For compiler
s that support newer versions of the C# programming language, see http://go.microsoft.com/fwlink/?LinkID=533240

error CS0006: Metadata file 'mylibrary.dll' could not be found
PS C:\Users\Administrator\ust-global-training2024> csc /reference:Library.dll .\Program1.cs
Microsoft (R) Visual C# Compiler version 4.8.4084.0
for C# 5
Copyright (C) Microsoft Corporation. All rights reserved.

This compiler is provided as part of the Microsoft (R) .NET Framework, but only supports language versions up to C# 5, which is no longer the latest version. For compiler
s that support newer versions of the C# programming language, see http://go.microsoft.com/fwlink/?LinkID=533240

Program1.cs(5,1): error CS0116: A namespace cannot directly contain members such as fields or methods
Program1.cs(7,8): error CS1518: Expected class, delegate, enum, interface, or struct
Program1.cs(14,1): error CS1022: Type or namespace definition, or end-of-file expected
PS C:\Users\Administrator\ust-global-training2024> csc /reference:Library.dll .\Program1.cs
Microsoft (R) Visual C# Compiler version 4.8.4084.0
for C# 5
Copyright (C) Microsoft Corporation. All rights reserved.

This compiler is provided as part of the Microsoft (R) .NET Framework, but only supports language versions up to C# 5, which is no longer the latest version. For compiler
s that support newer versions of the C# programming language, see http://go.microsoft.com/fwlink/?LinkID=533240
PS C:\Users\Administrator\ust-global-training2024> .\Program1.exe
 Start
public function
Generating Report
PS C:\Users\Administrator\ust-global-training2024> Stop-Transcript
**********************
Windows PowerShell transcript end
End time: 20240327152853
**********************
