**********************
Windows PowerShell transcript start
Start time: 20240326101813
Username: 550797BF3989501\Administrator
RunAs User: 550797BF3989501\Administrator
Configuration Name: 
Machine: 550797BF3989501 (Microsoft Windows NT 10.0.19045.0)
Host Application: C:\Windows\System32\WindowsPowerShell\v1.0\powershell.exe
Process ID: 10424
PSVersion: 5.1.19041.4046
PSEdition: Desktop
PSCompatibleVersions: 1.0, 2.0, 3.0, 4.0, 5.0, 5.1.19041.4046
BuildVersion: 10.0.19041.4046
CLRVersion: 4.0.30319.42000
WSManStackVersion: 3.0
PSRemotingProtocolVersion: 2.3
SerializationVersion: 1.1.0.1
**********************
Transcript started, output file is Shoban.log
PS C:\Users\Administrator> git clone https://github.com/sureshnanjan/ust-global-training2024.git
fatal: destination path 'ust-global-training2024' already exists and is not an empty directory.
PS C:\Users\Administrator> Set-Location ust-global-training2024
PS C:\Users\Administrator\ust-global-training2024> git status
On branch Shoban-branch
nothing to commit, working tree clean
PS C:\Users\Administrator\ust-global-training2024> Stop Transcript
Stop : The term 'Stop' is not recognized as the name of a cmdlet, function, script file, or operable program. Check the 
spelling of the name, or if a path was included, verify that the path is correct and try again.
At line:1 char:1
+ Stop Transcript
+ ~~~~
    + CategoryInfo          : ObjectNotFound: (Stop:String) [], CommandNotFoundException
    + FullyQualifiedErrorId : CommandNotFoundException
Stop : The term 'Stop' is not recognized as the name of a cmdlet, function, script file, or operable program. Check
the spelling of the name, or if a path was included, verify that the path is correct and try again.
At line:1 char:1
+ Stop Transcript
+ ~~~~
    + CategoryInfo          : ObjectNotFound: (Stop:String) [], CommandNotFoundException
    + FullyQualifiedErrorId : CommandNotFoundException

PS C:\Users\Administrator\ust-global-training2024> Stop-Transcript
**********************
Windows PowerShell transcript end
End time: 20240326102253
**********************
