**********************
Windows PowerShell transcript start
Start time: 20240326100637
Username: 5D312CA5969259E\Administrator
RunAs User: 5D312CA5969259E\Administrator
Configuration Name: 
Machine: 5D312CA5969259E (Microsoft Windows NT 10.0.19045.0)
Host Application: C:\Windows\SysWOW64\WindowsPowerShell\v1.0\powershell.exe
Process ID: 13976
PSVersion: 5.1.19041.4046
PSEdition: Desktop
PSCompatibleVersions: 1.0, 2.0, 3.0, 4.0, 5.0, 5.1.19041.4046
BuildVersion: 10.0.19041.4046
CLRVersion: 4.0.30319.42000
WSManStackVersion: 3.0
PSRemotingProtocolVersion: 2.3
SerializationVersion: 1.1.0.1
**********************
Transcript started, output file is Sumin.log
PS C:\Users\Administrator> --git status
At line:1 char:3
+ --git status
+   ~
Missing expression after unary operator '--'.

At line:1 char:3
+ --git status
+   ~~~
Unexpected token 'git' in expression or statement.
At line:1 char:3
+ --git status
+   ~
Missing expression after unary operator '--'.

At line:1 char:3
+ --git status
+   ~~~
Unexpected token 'git' in expression or statement.
    + CategoryInfo          : ParserError: (:) [], ParentContainsErrorRecordException
    + FullyQualifiedErrorId : MissingExpressionAfterOperator

PS C:\Users\Administrator> git --version
git version 2.44.0.windows.1
PS C:\Users\Administrator> Set-Location ust-global-training2024
PS C:\Users\Administrator\ust-global-training2024> git status
On branch Sumin-branch
nothing to commit, working tree clean
PS C:\Users\Administrator\ust-global-training2024> git checkout -b Sumin-branch
fatal: a branch named 'Sumin-branch' already exists
PS C:\Users\Administrator\ust-global-training2024> Stop-Transcript
**********************
Windows PowerShell transcript end
End time: 20240326100915
**********************
