**********************
Windows PowerShell transcript start
Start time: 20240326224836
Username: D2479F49161155E\Administrator
RunAs User: D2479F49161155E\Administrator
Configuration Name: 
Machine: D2479F49161155E (Microsoft Windows NT 10.0.19045.0)
Host Application: powershell
Process ID: 11252
PSVersion: 5.1.19041.4046
PSEdition: Desktop
PSCompatibleVersions: 1.0, 2.0, 3.0, 4.0, 5.0, 5.1.19041.4046
BuildVersion: 10.0.19041.4046
CLRVersion: 4.0.30319.42000
WSManStackVersion: 3.0
PSRemotingProtocolVersion: 2.3
SerializationVersion: 1.1.0.1
**********************
Transcript started, output file is chandniassig.log
PS C:\Users\Administrator\ust-global-training2024\Assignment1> csc
csc : The term 'csc' is not recognized as the name of a cmdlet, function, script file, or operable program. Check the 
spelling of the name, or if a path was included, verify that the path is correct and try again.
At line:1 char:1
+ csc
+ ~~~
    + CategoryInfo          : ObjectNotFound: (csc:String) [], CommandNotFoundException
    + FullyQualifiedErrorId : CommandNotFoundException
csc : The term 'csc' is not recognized as the name of a cmdlet, function, script file, or operable program. Check the
spelling of the name, or if a path was included, verify that the path is correct and try again.
At line:1 char:1
+ csc
+ ~~~
    + CategoryInfo          : ObjectNotFound: (csc:String) [], CommandNotFoundException
    + FullyQualifiedErrorId : CommandNotFoundException

PS C:\Users\Administrator\ust-global-training2024\Assignment1> $Env:Path = "C:\Windows\Microsoft.NET\Framework64\v4.0.30319;" + $Env:Path
PS C:\Users\Administrator\ust-global-training2024\Assignment1> csc
Microsoft (R) Visual C# Compiler version 4.8.4084.0
for C# 5
Copyright (C) Microsoft Corporation. All rights reserved.

This compiler is provided as part of the Microsoft (R) .NET Framework, but only supports language versions up to C# 5, which is no longer the latest version.
 For compilers that support newer versions of the C# programming language, see http://go.microsoft.com/fwlink/?LinkID=533240

warning CS2008: No source files specified
error CS1562: Outputs without source must have the /out option specified
PS C:\Users\Administrator\ust-global-training2024\Assignment1> csc .\csharpprogram1.cs
Microsoft (R) Visual C# Compiler version 4.8.4084.0
for C# 5
Copyright (C) Microsoft Corporation. All rights reserved.

This compiler is provided as part of the Microsoft (R) .NET Framework, but only supports language versions up to C# 5, which is no longer the latest version.
 For compilers that support newer versions of the C# programming language, see http://go.microsoft.com/fwlink/?LinkID=533240

csharpprogram1.cs(11,3): error CS0103: The name 'Console' does not exist in the current context
PS C:\Users\Administrator\ust-global-training2024\Assignment1> csc .\csharpprogram1.cs
Microsoft (R) Visual C# Compiler version 4.8.4084.0
for C# 5
Copyright (C) Microsoft Corporation. All rights reserved.

This compiler is provided as part of the Microsoft (R) .NET Framework, but only supports language versions up to C# 5, which is no longer the latest version.
 For compilers that support newer versions of the C# programming language, see http://go.microsoft.com/fwlink/?LinkID=533240

error CS5001: Program 'c:\Users\Administrator\ust-global-training2024\Assignment1\csharpprogram1.exe' does not contain a static 'Main' method suitable for an
        entry point
PS C:\Users\Administrator\ust-global-training2024\Assignment1> csc .\csharpprogram1.cs
Microsoft (R) Visual C# Compiler version 4.8.4084.0
for C# 5
Copyright (C) Microsoft Corporation. All rights reserved.

This compiler is provided as part of the Microsoft (R) .NET Framework, but only supports language versions up to C# 5, which is no longer the latest version.
 For compilers that support newer versions of the C# programming language, see http://go.microsoft.com/fwlink/?LinkID=533240

error CS5001: Program 'c:\Users\Administrator\ust-global-training2024\Assignment1\csharpprogram1.exe' does not contain a static 'Main' method suitable for an
        entry point
PS C:\Users\Administrator\ust-global-training2024\Assignment1> csc /target:library .\csharpprogram1.cs
Microsoft (R) Visual C# Compiler version 4.8.4084.0
for C# 5
Copyright (C) Microsoft Corporation. All rights reserved.

This compiler is provided as part of the Microsoft (R) .NET Framework, but only supports language versions up to C# 5, which is no longer the latest version.
 For compilers that support newer versions of the C# programming language, see http://go.microsoft.com/fwlink/?LinkID=533240

csharpprogram1.cs(20,9): error CS1519: Invalid token 'void' in class, struct, or interface member declaration
PS C:\Users\Administrator\ust-global-training2024\Assignment1> csc /target:library .\csharpprogram1.cs
Microsoft (R) Visual C# Compiler version 4.8.4084.0
for C# 5
Copyright (C) Microsoft Corporation. All rights reserved.

This compiler is provided as part of the Microsoft (R) .NET Framework, but only supports language versions up to C# 5, which is no longer the latest version.
 For compilers that support newer versions of the C# programming language, see http://go.microsoft.com/fwlink/?LinkID=533240

csharpprogram1.cs(5,9): warning CS0169: The field 'chandni.training.TrainingDashboard.TrainerName' is never used
csharpprogram1.cs(6,9): warning CS0169: The field 'chandni.training.TrainingDashboard.startdate' is never used
csharpprogram1.cs(7,9): warning CS0169: The field 'chandni.training.TrainingDashboard.enddate' is never used
csharpprogram1.cs(8,11): warning CS0169: The field 'chandni.training.TrainingDashboard.participants' is never used
csharpprogram1.cs(9,11): warning CS0169: The field 'chandni.training.TrainingDashboard.topics' is never used
PS C:\Users\Administrator\ust-global-training2024\Assignment1> csc .\csharpprogram1.cs
Microsoft (R) Visual C# Compiler version 4.8.4084.0
for C# 5
Copyright (C) Microsoft Corporation. All rights reserved.

This compiler is provided as part of the Microsoft (R) .NET Framework, but only supports language versions up to C# 5, which is no longer the latest version.
 For compilers that support newer versions of the C# programming language, see http://go.microsoft.com/fwlink/?LinkID=533240

csharpprogram1.cs(5,9): warning CS0169: The field 'chandni.training.TrainingDashboard.TrainerName' is never used
csharpprogram1.cs(6,9): warning CS0169: The field 'chandni.training.TrainingDashboard.startdate' is never used
csharpprogram1.cs(7,9): warning CS0169: The field 'chandni.training.TrainingDashboard.enddate' is never used
csharpprogram1.cs(8,11): warning CS0169: The field 'chandni.training.TrainingDashboard.participants' is never used
csharpprogram1.cs(9,11): warning CS0169: The field 'chandni.training.TrainingDashboard.topics' is never used
PS C:\Users\Administrator\ust-global-training2024\Assignment1> .\csharpprogram1.exe
Training will cover csharp fundamentals
Total 30 paticipants are in the training
PS C:\Users\Administrator\ust-global-training2024\Assignment1> Stop-Transcript
**********************
Windows PowerShell transcript end
End time: 20240326232922
**********************
