**********************
Windows PowerShell transcript start
Start time: 20240326111433
Username: SURESHNANJAN\nanja
RunAs User: SURESHNANJAN\nanja
Configuration Name: 
Machine: SURESHNANJAN (Microsoft Windows NT 10.0.22631.0)
Host Application: powershell
Process ID: 124504
PSVersion: 5.1.22621.2506
PSEdition: Desktop
PSCompatibleVersions: 1.0, 2.0, 3.0, 4.0, 5.0, 5.1.22621.2506
BuildVersion: 10.0.22621.2506
CLRVersion: 4.0.30319.42000
WSManStackVersion: 3.0
PSRemotingProtocolVersion: 2.3
SerializationVersion: 1.1.0.1
**********************
Transcript started, output file is csharp_getting_started.log
PS C:\Trainings-2021\Vendors\IIHT\UST Global\ust-global-training2024\basics> $Env:Path = "C:\Windows\Microsoft.NET\Framework64\v4.0.30319;" + $Env:Path
PS C:\Trainings-2021\Vendors\IIHT\UST Global\ust-global-training2024\basics> csc
Microsoft (R) Visual C# Compiler version 4.8.9032.0
for C# 5
Copyright (C) Microsoft Corporation. All rights reserved.

This compiler is provided as part of the Microsoft (R) .NET Framework, but only supports language versions up to C# 5, which is no lon
ger the latest version. For compilers that support newer versions of the C# programming language, see http://go.microsoft.com/fwlink/?
LinkID=533240

warning CS2008: No source files specified
error CS1562: Outputs without source must have the /out option specified
PS C:\Trainings-2021\Vendors\IIHT\UST Global\ust-global-training2024\basics> csc --help

This compiler is provided as part of the Microsoft (R) .NET Framework, but only supports language versions up to C# 5, which is no lon
ger the latest version. For compilers that support newer versions of the C# programming language, see http://go.microsoft.com/fwlink/?
LinkID=533240

fatal error CS2007: Unrecognized option: '--help'
PS C:\Trainings-2021\Vendors\IIHT\UST Global\ust-global-training2024\basics> csc /?

PS C:\Trainings-2021\Vendors\IIHT\UST Global\ust-global-training2024\basics> csc .\MinimalCSharpProgram.cs

PS C:\Trainings-2021\Vendors\IIHT\UST Global\ust-global-training2024\basics> csc .\MinimalCSharpProgram.cs

PS C:\Trainings-2021\Vendors\IIHT\UST Global\ust-global-training2024\basics> csc .\MinimalCSharpProgram.cs

PS C:\Trainings-2021\Vendors\IIHT\UST Global\ust-global-training2024\basics> csc .\MinimalCSharpProgram.cs

PS C:\Trainings-2021\Vendors\IIHT\UST Global\ust-global-training2024\basics> csc .\MinimalCSharpProgram.cs

PS C:\Trainings-2021\Vendors\IIHT\UST Global\ust-global-training2024\basics> .\MinimalCSharpProgram.exe

PS C:\Trainings-2021\Vendors\IIHT\UST Global\ust-global-training2024\basics> csc /target:library .\mylibrary.cs

PS C:\Trainings-2021\Vendors\IIHT\UST Global\ust-global-training2024\basics> csc .\MinimalCSharpProgram.cs

PS C:\Trainings-2021\Vendors\IIHT\UST Global\ust-global-training2024\basics> csc .\MinimalCSharpProgram.cs

PS C:\Trainings-2021\Vendors\IIHT\UST Global\ust-global-training2024\basics> csc .\MinimalCSharpProgram.cs

PS C:\Trainings-2021\Vendors\IIHT\UST Global\ust-global-training2024\basics> .\MinimalCSharpProgram.exe

PS C:\Trainings-2021\Vendors\IIHT\UST Global\ust-global-training2024\basics> csc .\MinimalCSharpProgram.cs

PS C:\Trainings-2021\Vendors\IIHT\UST Global\ust-global-training2024\basics> csc /target:library .\mylibrary.cs

PS C:\Trainings-2021\Vendors\IIHT\UST Global\ust-global-training2024\basics> csc /reference:mylibrary.dll .\MinimalCSharpProgram.cs

PS C:\Trainings-2021\Vendors\IIHT\UST Global\ust-global-training2024\basics> csc /target:library .\mylibrary.cs

PS C:\Trainings-2021\Vendors\IIHT\UST Global\ust-global-training2024\basics> csc /reference:mylibrary.dll .\MinimalCSharpProgram.cs

PS C:\Trainings-2021\Vendors\IIHT\UST Global\ust-global-training2024\basics> .\MinimalCSharpProgram.exe

PS C:\Trainings-2021\Vendors\IIHT\UST Global\ust-global-training2024\basics> .\MinimalCSharpProgram.exe

PS C:\Trainings-2021\Vendors\IIHT\UST Global\ust-global-training2024\basics> csc /target:library .\mylibrary.cs

PS C:\Trainings-2021\Vendors\IIHT\UST Global\ust-global-training2024\basics> csc /reference:mylibrary.dll .\MinimalCSharpProgram.cs

PS C:\Trainings-2021\Vendors\IIHT\UST Global\ust-global-training2024\basics> csc /reference:mylibrary.dll .\MinimalCSharpProgram.cs

PS C:\Trainings-2021\Vendors\IIHT\UST Global\ust-global-training2024\basics> .\MinimalCSharpProgram.exe

PS C:\Trainings-2021\Vendors\IIHT\UST Global\ust-global-training2024\basics> csc /reference:mylibrary.dll .\MinimalCSharpProgram.cs

PS C:\Trainings-2021\Vendors\IIHT\UST Global\ust-global-training2024\basics> .\MinimalCSharpProgram.exe

PS C:\Trainings-2021\Vendors\IIHT\UST Global\ust-global-training2024\basics> csc /reference:mylibrary.dll .\MinimalCSharpProgram.cs

PS C:\Trainings-2021\Vendors\IIHT\UST Global\ust-global-training2024\basics> .\MinimalCSharpProgram.exe

PS C:\Trainings-2021\Vendors\IIHT\UST Global\ust-global-training2024\basics> Stop-Transcript
**********************
Windows PowerShell transcript end
End time: 20240326123500
**********************
