**********************
Windows PowerShell transcript start
Start time: 20240326192916
Username: 4CA89C0F906F5BB\Administrator
RunAs User: 4CA89C0F906F5BB\Administrator
Configuration Name: 
Machine: 4CA89C0F906F5BB (Microsoft Windows NT 10.0.19045.0)
Host Application: powershell
Process ID: 1792
PSVersion: 5.1.19041.4046
PSEdition: Desktop
PSCompatibleVersions: 1.0, 2.0, 3.0, 4.0, 5.0, 5.1.19041.4046
BuildVersion: 10.0.19041.4046
CLRVersion: 4.0.30319.42000
WSManStackVersion: 3.0
PSRemotingProtocolVersion: 2.3
SerializationVersion: 1.1.0.1
**********************
Transcript started, output file is cshar_getting_started.log
PS C:\Users\Administrator\ust-global-training2024\MyFristAssaignment> $Env:Path = "C:\Windows\Microsoft.NET\Framework64\v4.0.30319;" + $Env:Path
PS C:\Users\Administrator\ust-global-training2024\MyFristAssaignment> csc
Microsoft (R) Visual C# Compiler version 4.8.4084.0
for C# 5
Copyright (C) Microsoft Corporation. All rights reserved.

This compiler is provided as part of the Microsoft (R) .NET Framework, but only supports language versions up to C# 5, which is no longer the latest
 version. For compilers that support newer versions of the C# programming language, see http://go.microsoft.com/fwlink/?LinkID=533240

warning CS2008: No source files specified
error CS1562: Outputs without source must have the /out option specified
PS C:\Users\Administrator\ust-global-training2024\MyFristAssaignment> csc --help
Microsoft (R) Visual C# Compiler version 4.8.4084.0
for C# 5
Copyright (C) Microsoft Corporation. All rights reserved.

This compiler is provided as part of the Microsoft (R) .NET Framework, but only supports language versions up to C# 5, which is no longer the latest version.
 For compilers that support newer versions of the C# programming language, see http://go.microsoft.com/fwlink/?LinkID=533240

fatal error CS2007: Unrecognized option: '--help'
PS C:\Users\Administrator\ust-global-training2024\MyFristAssaignment> csc /?
Microsoft (R) Visual C# Compiler version 4.8.4084.0
for C# 5
Copyright (C) Microsoft Corporation. All rights reserved.

This compiler is provided as part of the Microsoft (R) .NET Framework, but only supports language versions up to C# 5, which is no longer the latest
 version. For compilers that support newer versions of the C# programming language, see http://go.microsoft.com/fwlink/?LinkID=533240

                        Visual C# Compiler Options

                        - OUTPUT FILES -
/out:<file>                    Specify output file name (default: base name of file with main class or first file)
/target:exe                    Build a console executable (default) (Short form: /t:exe)
/target:winexe                 Build a Windows executable (Short form: /t:winexe)
/target:library                Build a library (Short form: /t:library)
/target:module                 Build a module that can be added to another assembly (Short form: /t:module)
/target:appcontainerexe        Build an Appcontainer executable (Short form: /t:appcontainerexe)
/target:winmdobj               Build a Windows Runtime intermediate file that is consumed by WinMDExp (Short form: /t:winmdobj)
/doc:<file>                    XML Documentation file to generate
/platform:<string>             Limit which platforms this code can run on: x86, Itanium, x64, arm, anycpu32bitpreferred, or anycpu. The default is
                               anycpu.

                        - INPUT FILES -
/recurse:<wildcard>            Include all files in the current directory and subdirectories according to the wildcard specifications
/reference:<alias>=<file>      Reference metadata from the specified assembly file using the given alias (Short form: /r)
/reference:<file list>         Reference metadata from the specified assembly files (Short form: /r)
/addmodule:<file list>         Link the specified modules into this assembly
/link:<file list>              Embed metadata from the specified interop assembly files (Short form: /l)

                        - RESOURCES -
/win32res:<file>               Specify a Win32 resource file (.res)
/win32icon:<file>              Use this icon for the output
/win32manifest:<file>          Specify a Win32 manifest file (.xml)
/nowin32manifest               Do not include the default Win32 manifest
/resource:<resinfo>            Embed the specified resource (Short form: /res)
/linkresource:<resinfo>        Link the specified resource to this assembly (Short form: /linkres)
                               Where the resinfo format is <file>[,<string name>[,public|private]]

                        - CODE GENERATION -
/debug[+|-]                    Emit debugging information
/debug:{full|pdbonly}          Specify debugging type ('full' is default, and enables attaching a debugger to a running program)
/optimize[+|-]                 Enable optimizations (Short form: /o)

                        - ERRORS AND WARNINGS -
/warnaserror[+|-]              Report all warnings as errors
/warnaserror[+|-]:<warn list>  Report specific warnings as errors
/warn:<n>                      Set warning level (0-4) (Short form: /w)
/nowarn:<warn list>            Disable specific warning messages

                        - LANGUAGE -
/checked[+|-]                  Generate overflow checks
/unsafe[+|-]                   Allow 'unsafe' code
/define:<symbol list>          Define conditional compilation symbol(s) (Short form: /d)
/langversion:<string>          Specify language version mode: ISO-1, ISO-2, 3, 4, 5, or Default

                        - SECURITY -
/delaysign[+|-]                Delay-sign the assembly using only the public portion of the strong name key
/keyfile:<file>                Specify a strong name key file
/keycontainer:<string>         Specify a strong name key container
/highentropyva[+|-]            Enable high-entropy ASLR
/enforcecodeintegrity[+|-]     Enforce code intergrity checks on all inputs to the compiler and enable loading compiled assemblies by other programs
                               that enforce code integrity if the operating system is configured to do so.

                        - MISCELLANEOUS -
@<file>                        Read response file for more options
/help                          Display this usage message (Short form: /?)
/nologo                        Suppress compiler copyright message
/noconfig                      Do not auto include CSC.RSP file

                        - ADVANCED -
/baseaddress:<address>         Base address for the library to be built
/bugreport:<file>              Create a 'Bug Report' file
/codepage:<n>                  Specify the codepage to use when opening source files
/utf8output                    Output compiler messages in UTF-8 encoding
/main:<type>                   Specify the type that contains the entry point (ignore all other possible entry points) (Short form: /m)
/fullpaths                     Compiler generates fully qualified paths
/filealign:<n>                 Specify the alignment used for output file sections
/pdb:<file>                    Specify debug information file name (default: output file name with .pdb extension)
/errorendlocation              Output line and column of the end location of each error
/preferreduilang               Specify the preferred output language name.
/nostdlib[+|-]                 Do not reference standard library (mscorlib.dll)
/subsystemversion:<string>     Specify subsystem version of this assembly
/lib:<file list>               Specify additional directories to search in for references
/errorreport:<string>          Specify how to handle internal compiler errors: prompt, send, queue, or none. The default is queue.
/appconfig:<file>              Specify an application configuration file containing assembly binding settings
/moduleassemblyname:<string>   Name of the assembly which this module will be a part of
PS C:\Users\Administrator\ust-global-training2024\MyFristAssaignment> csc .\Mydemo.cs
Microsoft (R) Visual C# Compiler version 4.8.4084.0
for C# 5
Copyright (C) Microsoft Corporation. All rights reserved.

This compiler is provided as part of the Microsoft (R) .NET Framework, but only supports language versions up to C# 5, which is no longer the latest
 version. For compilers that support newer versions of the C# programming language, see http://go.microsoft.com/fwlink/?LinkID=533240

Mydemo.cs(1,1): error CS0116: A namespace cannot directly contain members such as fields or methods
PS C:\Users\Administrator\ust-global-training2024\MyFristAssaignment> csc .\Mydemo.cs
Microsoft (R) Visual C# Compiler version 4.8.4084.0
for C# 5
Copyright (C) Microsoft Corporation. All rights reserved.

This compiler is provided as part of the Microsoft (R) .NET Framework, but only supports language versions up to C# 5, which is no longer the latest
 version. For compilers that support newer versions of the C# programming language, see http://go.microsoft.com/fwlink/?LinkID=533240

Mydemo.cs(12,25): error CS0103: The name 'Console' does not exist in the current context
Mydemo.cs(13,31): error CS0103: The name 'Console' does not exist in the current context
PS C:\Users\Administrator\ust-global-training2024\MyFristAssaignment> csc .\Mydemo.cs
Microsoft (R) Visual C# Compiler version 4.8.4084.0
for C# 5
Copyright (C) Microsoft Corporation. All rights reserved.

This compiler is provided as part of the Microsoft (R) .NET Framework, but only supports language versions up to C# 5, which is no longer the latest
 version. For compilers that support newer versions of the C# programming language, see http://go.microsoft.com/fwlink/?LinkID=533240

error CS5001: Program 'c:\Users\Administrator\ust-global-training2024\MyFristAssaignment\Mydemo.exe' does not contain a static 'Main' method
        suitable for an entry point
PS C:\Users\Administrator\ust-global-training2024\MyFristAssaignment> csc .\MyClass.cs
Microsoft (R) Visual C# Compiler version 4.8.4084.0
for C# 5
Copyright (C) Microsoft Corporation. All rights reserved.

This compiler is provided as part of the Microsoft (R) .NET Framework, but only supports language versions up to C# 5, which is no longer the latest version.
 For compilers that support newer versions of the C# programming language, see http://go.microsoft.com/fwlink/?LinkID=533240

error CS2001: Source file '.\MyClass.cs' could not be found
warning CS2008: No source files specified
PS C:\Users\Administrator\ust-global-training2024\MyFristAssaignment> csc .\Mainclass.cs
Microsoft (R) Visual C# Compiler version 4.8.4084.0
for C# 5
Copyright (C) Microsoft Corporation. All rights reserved.

This compiler is provided as part of the Microsoft (R) .NET Framework, but only supports language versions up to C# 5, which is no longer the latest version.
 For compilers that support newer versions of the C# programming language, see http://go.microsoft.com/fwlink/?LinkID=533240

mainclass.cs(1,7): error CS0246: The type or namespace name 'Renjitha' could not be found (are you missing a using directive or an assembly reference?)
PS C:\Users\Administrator\ust-global-training2024\MyFristAssaignment> csc /target:library .\Mydemo.cs
Microsoft (R) Visual C# Compiler version 4.8.4084.0
for C# 5
Copyright (C) Microsoft Corporation. All rights reserved.

This compiler is provided as part of the Microsoft (R) .NET Framework, but only supports language versions up to C# 5, which is no longer the latest version.
 For compilers that support newer versions of the C# programming language, see http://go.microsoft.com/fwlink/?LinkID=533240

Mydemo.cs(7,9): warning CS0169: The field 'renjitha.training.TrainingDashboard.TrainerName' is never used
Mydemo.cs(8,9): warning CS0169: The field 'renjitha.training.TrainingDashboard.startdate' is never used
Mydemo.cs(9,9): warning CS0169: The field 'renjitha.training.TrainingDashboard.enddate' is never used
Mydemo.cs(10,11): warning CS0169: The field 'renjitha.training.TrainingDashboard.participants' is never used
Mydemo.cs(11,11): warning CS0169: The field 'renjitha.training.TrainingDashboard.topics' is never used
PS C:\Users\Administrator\ust-global-training2024\MyFristAssaignment> csc .\Mainclass.cs
Microsoft (R) Visual C# Compiler version 4.8.4084.0
for C# 5
Copyright (C) Microsoft Corporation. All rights reserved.

This compiler is provided as part of the Microsoft (R) .NET Framework, but only supports language versions up to C# 5, which is no longer the latest version.
 For compilers that support newer versions of the C# programming language, see http://go.microsoft.com/fwlink/?LinkID=533240

mainclass.cs(1,7): error CS0246: The type or namespace name 'Renjitha' could not be found (are you missing a using directive or an assembly reference?)
PS C:\Users\Administrator\ust-global-training2024\MyFristAssaignment> csc .\Mainclass.cs
Microsoft (R) Visual C# Compiler version 4.8.4084.0
for C# 5
Copyright (C) Microsoft Corporation. All rights reserved.

This compiler is provided as part of the Microsoft (R) .NET Framework, but only supports language versions up to C# 5, which is no longer the latest version.
 For compilers that support newer versions of the C# programming language, see http://go.microsoft.com/fwlink/?LinkID=533240

mainclass.cs(1,7): error CS0246: The type or namespace name 'renjitha' could not be found (are you missing a using directive or an assembly reference?)
PS C:\Users\Administrator\ust-global-training2024\MyFristAssaignment> csc .\Mydemo.cs
Microsoft (R) Visual C# Compiler version 4.8.4084.0
for C# 5
Copyright (C) Microsoft Corporation. All rights reserved.

This compiler is provided as part of the Microsoft (R) .NET Framework, but only supports language versions up to C# 5, which is no longer the latest version.
 For compilers that support newer versions of the C# programming language, see http://go.microsoft.com/fwlink/?LinkID=533240

error CS5001: Program 'c:\Users\Administrator\ust-global-training2024\MyFristAssaignment\Mydemo.exe' does not contain a static 'Main' method suitable for an
        entry point
PS C:\Users\Administrator\ust-global-training2024\MyFristAssaignment> csc .\Mainclass.cs
Microsoft (R) Visual C# Compiler version 4.8.4084.0
for C# 5
Copyright (C) Microsoft Corporation. All rights reserved.

This compiler is provided as part of the Microsoft (R) .NET Framework, but only supports language versions up to C# 5, which is no longer the latest
 version. For compilers that support newer versions of the C# programming language, see http://go.microsoft.com/fwlink/?LinkID=533240

mainclass.cs(1,7): error CS1041: Identifier expected; 'namespace' is a keyword
mainclass.cs(1,34): error CS1514: { expected
mainclass.cs(13,2): error CS1513: } expected
PS C:\Users\Administrator\ust-global-training2024\MyFristAssaignment> csc .\Mainclass.cs
Microsoft (R) Visual C# Compiler version 4.8.4084.0
for C# 5
Copyright (C) Microsoft Corporation. All rights reserved.

This compiler is provided as part of the Microsoft (R) .NET Framework, but only supports language versions up to C# 5, which is no longer the latest
 version. For compilers that support newer versions of the C# programming language, see http://go.microsoft.com/fwlink/?LinkID=533240

mainclass.cs(1,7): error CS0246: The type or namespace name 'renjitha' could not be found (are you missing a using directive or an assembly
        reference?)
PS C:\Users\Administrator\ust-global-training2024\MyFristAssaignment> csc .\Mainclass.cs
Microsoft (R) Visual C# Compiler version 4.8.4084.0
for C# 5
Copyright (C) Microsoft Corporation. All rights reserved.

This compiler is provided as part of the Microsoft (R) .NET Framework, but only supports language versions up to C# 5, which is no longer the latest
 version. For compilers that support newer versions of the C# programming language, see http://go.microsoft.com/fwlink/?LinkID=533240

mainclass.cs(2,7): error CS0246: The type or namespace name 'renjitha' could not be found (are you missing a using directive or an assembly
        reference?)
PS C:\Users\Administrator\ust-global-training2024\MyFristAssaignment> csc /target:library .\Mydemo.cs
Microsoft (R) Visual C# Compiler version 4.8.4084.0
for C# 5
Copyright (C) Microsoft Corporation. All rights reserved.

This compiler is provided as part of the Microsoft (R) .NET Framework, but only supports language versions up to C# 5, which is no longer the latest
 version. For compilers that support newer versions of the C# programming language, see http://go.microsoft.com/fwlink/?LinkID=533240

Mydemo.cs(7,9): warning CS0169: The field 'renjitha.TrainingDashboard.TrainerName' is never used
Mydemo.cs(8,9): warning CS0169: The field 'renjitha.TrainingDashboard.startdate' is never used
Mydemo.cs(9,9): warning CS0169: The field 'renjitha.TrainingDashboard.enddate' is never used
Mydemo.cs(10,11): warning CS0169: The field 'renjitha.TrainingDashboard.participants' is never used
Mydemo.cs(11,11): warning CS0169: The field 'renjitha.TrainingDashboard.topics' is never used
PS C:\Users\Administrator\ust-global-training2024\MyFristAssaignment> csc .\Mainclass.cs
Microsoft (R) Visual C# Compiler version 4.8.4084.0
for C# 5
Copyright (C) Microsoft Corporation. All rights reserved.

This compiler is provided as part of the Microsoft (R) .NET Framework, but only supports language versions up to C# 5, which is no longer the latest
 version. For compilers that support newer versions of the C# programming language, see http://go.microsoft.com/fwlink/?LinkID=533240

mainclass.cs(2,7): error CS0246: The type or namespace name 'renjitha' could not be found (are you missing a using directive or an assembly
        reference?)
PS C:\Users\Administrator\ust-global-training2024\MyFristAssaignment> csc .\Mainclass.cs
Microsoft (R) Visual C# Compiler version 4.8.4084.0
for C# 5
Copyright (C) Microsoft Corporation. All rights reserved.

This compiler is provided as part of the Microsoft (R) .NET Framework, but only supports language versions up to C# 5, which is no longer the latest version.
 For compilers that support newer versions of the C# programming language, see http://go.microsoft.com/fwlink/?LinkID=533240

mainclass.cs(2,7): error CS0246: The type or namespace name 'renjitha' could not be found (are you missing a using directive or an assembly reference?)
PS C:\Users\Administrator\ust-global-training2024\MyFristAssaignment> csc /reference:Mydemo.dll .\mainclass.cs
Microsoft (R) Visual C# Compiler version 4.8.4084.0
for C# 5
Copyright (C) Microsoft Corporation. All rights reserved.

This compiler is provided as part of the Microsoft (R) .NET Framework, but only supports language versions up to C# 5, which is no longer the latest
 version. For compilers that support newer versions of the C# programming language, see http://go.microsoft.com/fwlink/?LinkID=533240

mainclass.cs(10,3): error CS0120: An object reference is required for the non-static field, method, or property
        'renjitha.TrainingDashboard.publish()'
Mydemo.dll: (Location of symbol related to previous error)
PS C:\Users\Administrator\ust-global-training2024\MyFristAssaignment> csc .\Mainclass.cs
Microsoft (R) Visual C# Compiler version 4.8.4084.0
for C# 5
Copyright (C) Microsoft Corporation. All rights reserved.

This compiler is provided as part of the Microsoft (R) .NET Framework, but only supports language versions up to C# 5, which is no longer the latest
 version. For compilers that support newer versions of the C# programming language, see http://go.microsoft.com/fwlink/?LinkID=533240

mainclass.cs(2,7): error CS0246: The type or namespace name 'renjitha' could not be found (are you missing a using directive or an assembly
        reference?)
PS C:\Users\Administrator\ust-global-training2024\MyFristAssaignment> csc /reference:Mydemo.dll .\mainclass.cs
Microsoft (R) Visual C# Compiler version 4.8.4084.0
for C# 5
Copyright (C) Microsoft Corporation. All rights reserved.

This compiler is provided as part of the Microsoft (R) .NET Framework, but only supports language versions up to C# 5, which is no longer the latest
 version. For compilers that support newer versions of the C# programming language, see http://go.microsoft.com/fwlink/?LinkID=533240

mainclass.cs(10,3): error CS0120: An object reference is required for the non-static field, method, or property
        'renjitha.TrainingDashboard.publish()'
Mydemo.dll: (Location of symbol related to previous error)
PS C:\Users\Administrator\ust-global-training2024\MyFristAssaignment> csc /target:library .\Mydemo.cs
Microsoft (R) Visual C# Compiler version 4.8.4084.0
for C# 5
Copyright (C) Microsoft Corporation. All rights reserved.

This compiler is provided as part of the Microsoft (R) .NET Framework, but only supports language versions up to C# 5, which is no longer the latest
 version. For compilers that support newer versions of the C# programming language, see http://go.microsoft.com/fwlink/?LinkID=533240

Mydemo.cs(6,9): warning CS0169: The field 'renjitha.TrainingDashboard.TrainerName' is never used
Mydemo.cs(7,9): warning CS0169: The field 'renjitha.TrainingDashboard.startdate' is never used
Mydemo.cs(8,9): warning CS0169: The field 'renjitha.TrainingDashboard.enddate' is never used
Mydemo.cs(9,11): warning CS0169: The field 'renjitha.TrainingDashboard.participants' is never used
Mydemo.cs(10,11): warning CS0169: The field 'renjitha.TrainingDashboard.topics' is never used
PS C:\Users\Administrator\ust-global-training2024\MyFristAssaignment> csc /reference:Mydemo.dll .\mainclass.cs
Microsoft (R) Visual C# Compiler version 4.8.4084.0
for C# 5
Copyright (C) Microsoft Corporation. All rights reserved.

This compiler is provided as part of the Microsoft (R) .NET Framework, but only supports language versions up to C# 5, which is no longer the latest
 version. For compilers that support newer versions of the C# programming language, see http://go.microsoft.com/fwlink/?LinkID=533240

mainclass.cs(10,3): error CS0120: An object reference is required for the non-static field, method, or property
        'renjitha.TrainingDashboard.publish()'
Mydemo.dll: (Location of symbol related to previous error)
PS C:\Users\Administrator\ust-global-training2024\MyFristAssaignment> csc .\Mainclass.cs
Microsoft (R) Visual C# Compiler version 4.8.4084.0
for C# 5
Copyright (C) Microsoft Corporation. All rights reserved.

This compiler is provided as part of the Microsoft (R) .NET Framework, but only supports language versions up to C# 5, which is no longer the latest
 version. For compilers that support newer versions of the C# programming language, see http://go.microsoft.com/fwlink/?LinkID=533240

mainclass.cs(2,7): error CS0246: The type or namespace name 'renjitha' could not be found (are you missing a using directive or an assembly
        reference?)
PS C:\Users\Administrator\ust-global-training2024\MyFristAssaignment> csc.exe /out:Mydemo.exe Mydemo.cs mainclass.cs
Microsoft (R) Visual C# Compiler version 4.8.4084.0
for C# 5
Copyright (C) Microsoft Corporation. All rights reserved.

This compiler is provided as part of the Microsoft (R) .NET Framework, but only supports language versions up to C# 5, which is no longer the latest version.
 For compilers that support newer versions of the C# programming language, see http://go.microsoft.com/fwlink/?LinkID=533240

mainclass.cs(10,3): error CS0120: An object reference is required for the non-static field, method, or property 'renjitha.TrainingDashboard.publish()'
Mydemo.cs(12,14): (Location of symbol related to previous error)
PS C:\Users\Administrator\ust-global-training2024\MyFristAssaignment> csc.exe /out:Mydemo.exe Mydemo.cs mainclass.cs
Microsoft (R) Visual C# Compiler version 4.8.4084.0
for C# 5
Copyright (C) Microsoft Corporation. All rights reserved.

This compiler is provided as part of the Microsoft (R) .NET Framework, but only supports language versions up to C# 5, which is no longer the latest version.
 For compilers that support newer versions of the C# programming language, see http://go.microsoft.com/fwlink/?LinkID=533240

error CS5001: Program 'c:\Users\Administrator\ust-global-training2024\MyFristAssaignment\Mydemo.exe' does not contain a static 'Main' method suitable for an
        entry point
PS C:\Users\Administrator\ust-global-training2024\MyFristAssaignment> csc .\Mainclass.cs
Microsoft (R) Visual C# Compiler version 4.8.4084.0
for C# 5
Copyright (C) Microsoft Corporation. All rights reserved.

This compiler is provided as part of the Microsoft (R) .NET Framework, but only supports language versions up to C# 5, which is no longer the latest version.
 For compilers that support newer versions of the C# programming language, see http://go.microsoft.com/fwlink/?LinkID=533240

mainclass.cs(2,7): error CS0246: The type or namespace name 'renjitha' could not be found (are you missing a using directive or an assembly reference?)
PS C:\Users\Administrator\ust-global-training2024\MyFristAssaignment> csc.exe /out:Mydemo.exe Mydemo.cs mainclass.cs
Microsoft (R) Visual C# Compiler version 4.8.4084.0
for C# 5
Copyright (C) Microsoft Corporation. All rights reserved.

This compiler is provided as part of the Microsoft (R) .NET Framework, but only supports language versions up to C# 5, which is no longer the latest version.
 For compilers that support newer versions of the C# programming language, see http://go.microsoft.com/fwlink/?LinkID=533240

error CS5001: Program 'c:\Users\Administrator\ust-global-training2024\MyFristAssaignment\Mydemo.exe' does not contain a static 'Main' method suitable for an
        entry point
PS C:\Users\Administrator\ust-global-training2024\MyFristAssaignment> csc.exe /out:Mydemo.exe Mydemo.cs mainclass.cs
Microsoft (R) Visual C# Compiler version 4.8.4084.0
for C# 5
Copyright (C) Microsoft Corporation. All rights reserved.

This compiler is provided as part of the Microsoft (R) .NET Framework, but only supports language versions up to C# 5, which is no longer the latest version.
 For compilers that support newer versions of the C# programming language, see http://go.microsoft.com/fwlink/?LinkID=533240

Mydemo.cs(6,9): warning CS0169: The field 'renjitha.TrainingDashboard.TrainerName' is never used
Mydemo.cs(7,9): warning CS0169: The field 'renjitha.TrainingDashboard.startdate' is never used
Mydemo.cs(8,9): warning CS0169: The field 'renjitha.TrainingDashboard.enddate' is never used
Mydemo.cs(9,11): warning CS0169: The field 'renjitha.TrainingDashboard.participants' is never used
Mydemo.cs(10,11): warning CS0169: The field 'renjitha.TrainingDashboard.topics' is never used
PS C:\Users\Administrator\ust-global-training2024\MyFristAssaignment> .\mainclass.exe
.\mainclass.exe : The term '.\mainclass.exe' is not recognized as the name of a cmdlet, function, script file, or 
operable program. Check the spelling of the name, or if a path was included, verify that the path is correct and try 
again.
At line:1 char:1
+ .\mainclass.exe
+ ~~~~~~~~~~~~~~~
    + CategoryInfo          : ObjectNotFound: (.\mainclass.exe:String) [], CommandNotFoundException
    + FullyQualifiedErrorId : CommandNotFoundException
.\mainclass.exe : The term '.\mainclass.exe' is not recognized as the name of a cmdlet, function, script file, or operable program. Check the spelling of
the name, or if a path was included, verify that the path is correct and try again.
At line:1 char:1
+ .\mainclass.exe
+ ~~~~~~~~~~~~~~~
    + CategoryInfo          : ObjectNotFound: (.\mainclass.exe:String) [], CommandNotFoundException
    + FullyQualifiedErrorId : CommandNotFoundException

PS C:\Users\Administrator\ust-global-training2024\MyFristAssaignment> .\mainclass.cs
PS C:\Users\Administrator\ust-global-training2024\MyFristAssaignment> .\mainclass.cs
PS C:\Users\Administrator\ust-global-training2024\MyFristAssaignment> mainclass.cs
mainclass.cs : The term 'mainclass.cs' is not recognized as the name of a cmdlet, function, script file, or operable 
program. Check the spelling of the name, or if a path was included, verify that the path is correct and try again.
At line:1 char:1
+ mainclass.cs
+ ~~~~~~~~~~~~
    + CategoryInfo          : ObjectNotFound: (mainclass.cs:String) [], CommandNotFoundException
    + FullyQualifiedErrorId : CommandNotFoundException
mainclass.cs : The term 'mainclass.cs' is not recognized as the name of a cmdlet, function, script file, or operable program. Check the spelling of the
name, or if a path was included, verify that the path is correct and try again.
At line:1 char:1
+ mainclass.cs
+ ~~~~~~~~~~~~
    + CategoryInfo          : ObjectNotFound: (mainclass.cs:String) [], CommandNotFoundException
    + FullyQualifiedErrorId : CommandNotFoundException

PS C:\Users\Administrator\ust-global-training2024\MyFristAssaignment> mainclass.exe
mainclass.exe : The term 'mainclass.exe' is not recognized as the name of a cmdlet, function, script file, or operable 
program. Check the spelling of the name, or if a path was included, verify that the path is correct and try again.
At line:1 char:1
+ mainclass.exe
+ ~~~~~~~~~~~~~
    + CategoryInfo          : ObjectNotFound: (mainclass.exe:String) [], CommandNotFoundException
    + FullyQualifiedErrorId : CommandNotFoundException
mainclass.exe : The term 'mainclass.exe' is not recognized as the name of a cmdlet, function, script file, or operable program. Check the spelling of the
name, or if a path was included, verify that the path is correct and try again.
At line:1 char:1
+ mainclass.exe
+ ~~~~~~~~~~~~~
    + CategoryInfo          : ObjectNotFound: (mainclass.exe:String) [], CommandNotFoundException
    + FullyQualifiedErrorId : CommandNotFoundException

PS C:\Users\Administrator\ust-global-training2024\MyFristAssaignment> csc.exe /out:Mydemo.exe Mydemo.cs mainclass.cs
Microsoft (R) Visual C# Compiler version 4.8.4084.0
for C# 5
Copyright (C) Microsoft Corporation. All rights reserved.

This compiler is provided as part of the Microsoft (R) .NET Framework, but only supports language versions up to C# 5, which is no longer the latest version.
 For compilers that support newer versions of the C# programming language, see http://go.microsoft.com/fwlink/?LinkID=533240

Mydemo.cs(6,9): warning CS0169: The field 'renjitha.TrainingDashboard.TrainerName' is never used
Mydemo.cs(7,9): warning CS0169: The field 'renjitha.TrainingDashboard.startdate' is never used
Mydemo.cs(8,9): warning CS0169: The field 'renjitha.TrainingDashboard.enddate' is never used
Mydemo.cs(9,11): warning CS0169: The field 'renjitha.TrainingDashboard.participants' is never used
Mydemo.cs(10,11): warning CS0169: The field 'renjitha.TrainingDashboard.topics' is never used
PS C:\Users\Administrator\ust-global-training2024\MyFristAssaignment> Mydemo.exe
Mydemo.exe : The term 'Mydemo.exe' is not recognized as the name of a cmdlet, function, script file, or operable 
program. Check the spelling of the name, or if a path was included, verify that the path is correct and try again.
At line:1 char:1
+ Mydemo.exe
+ ~~~~~~~~~~
    + CategoryInfo          : ObjectNotFound: (Mydemo.exe:String) [], CommandNotFoundException
    + FullyQualifiedErrorId : CommandNotFoundException
Mydemo.exe : The term 'Mydemo.exe' is not recognized as the name of a cmdlet, function, script file, or operable program. Check the spelling of the name,
or if a path was included, verify that the path is correct and try again.
At line:1 char:1
+ Mydemo.exe
+ ~~~~~~~~~~
    + CategoryInfo          : ObjectNotFound: (Mydemo.exe:String) [], CommandNotFoundException
    + FullyQualifiedErrorId : CommandNotFoundException

PS C:\Users\Administrator\ust-global-training2024\MyFristAssaignment> csc /target:exe .\mainclass.cs
Microsoft (R) Visual C# Compiler version 4.8.4084.0
for C# 5
Copyright (C) Microsoft Corporation. All rights reserved.

This compiler is provided as part of the Microsoft (R) .NET Framework, but only supports language versions up to C# 5, which is no longer the latest version.
 For compilers that support newer versions of the C# programming language, see http://go.microsoft.com/fwlink/?LinkID=533240

mainclass.cs(2,7): error CS0246: The type or namespace name 'renjitha' could not be found (are you missing a using directive or an assembly reference?)
PS C:\Users\Administrator\ust-global-training2024\MyFristAssaignment> csc /target:exe .\Mydemo.exe Mydemo.cs mainclass.cs
Microsoft (R) Visual C# Compiler version 4.8.4084.0
for C# 5
Copyright (C) Microsoft Corporation. All rights reserved.

This compiler is provided as part of the Microsoft (R) .NET Framework, but only supports language versions up to C# 5, which is no longer the latest version.
 For compilers that support newer versions of the C# programming language, see http://go.microsoft.com/fwlink/?LinkID=533240

error CS2015: 'c:\Users\Administrator\ust-global-training2024\MyFristAssaignment\Mydemo.exe' is a binary file instead of a text file
error CS1504: Source file 'c:\Users\Administrator\ust-global-training2024\MyFristAssaignment\Mydemo.exe' could not be opened ('Unspecified error ')
PS C:\Users\Administrator\ust-global-training2024\MyFristAssaignment> csc.exe /out:myclass.exe mainclass.cs Mydemo.cs
Microsoft (R) Visual C# Compiler version 4.8.4084.0
for C# 5
Copyright (C) Microsoft Corporation. All rights reserved.

This compiler is provided as part of the Microsoft (R) .NET Framework, but only supports language versions up to C# 5, which is no longer the latest version.
 For compilers that support newer versions of the C# programming language, see http://go.microsoft.com/fwlink/?LinkID=533240

Mydemo.cs(6,9): warning CS0169: The field 'renjitha.TrainingDashboard.TrainerName' is never used
Mydemo.cs(7,9): warning CS0169: The field 'renjitha.TrainingDashboard.startdate' is never used
Mydemo.cs(8,9): warning CS0169: The field 'renjitha.TrainingDashboard.enddate' is never used
Mydemo.cs(9,11): warning CS0169: The field 'renjitha.TrainingDashboard.participants' is never used
Mydemo.cs(10,11): warning CS0169: The field 'renjitha.TrainingDashboard.topics' is never used
PS C:\Users\Administrator\ust-global-training2024\MyFristAssaignment> .\mainclass.cs
PS C:\Users\Administrator\ust-global-training2024\MyFristAssaignment> .\mainclass.exe
.\mainclass.exe : The term '.\mainclass.exe' is not recognized as the name of a cmdlet, function, script file, or 
operable program. Check the spelling of the name, or if a path was included, verify that the path is correct and try 
again.
At line:1 char:1
+ .\mainclass.exe
+ ~~~~~~~~~~~~~~~
    + CategoryInfo          : ObjectNotFound: (.\mainclass.exe:String) [], CommandNotFoundException
    + FullyQualifiedErrorId : CommandNotFoundException
.\mainclass.exe : The term '.\mainclass.exe' is not recognized as the name of a cmdlet, function, script file, or operable program. Check the spelling of
the name, or if a path was included, verify that the path is correct and try again.
At line:1 char:1
+ .\mainclass.exe
+ ~~~~~~~~~~~~~~~
    + CategoryInfo          : ObjectNotFound: (.\mainclass.exe:String) [], CommandNotFoundException
    + FullyQualifiedErrorId : CommandNotFoundException

PS C:\Users\Administrator\ust-global-training2024\MyFristAssaignment> mainclass.exe
mainclass.exe : The term 'mainclass.exe' is not recognized as the name of a cmdlet, function, script file, or operable 
program. Check the spelling of the name, or if a path was included, verify that the path is correct and try again.
At line:1 char:1
+ mainclass.exe
+ ~~~~~~~~~~~~~
    + CategoryInfo          : ObjectNotFound: (mainclass.exe:String) [], CommandNotFoundException
    + FullyQualifiedErrorId : CommandNotFoundException
mainclass.exe : The term 'mainclass.exe' is not recognized as the name of a cmdlet, function, script file, or operable program. Check the spelling of the
name, or if a path was included, verify that the path is correct and try again.
At line:1 char:1
+ mainclass.exe
+ ~~~~~~~~~~~~~
    + CategoryInfo          : ObjectNotFound: (mainclass.exe:String) [], CommandNotFoundException
    + FullyQualifiedErrorId : CommandNotFoundException

PS C:\Users\Administrator\ust-global-training2024\MyFristAssaignment> mainclass.cs
mainclass.cs : The term 'mainclass.cs' is not recognized as the name of a cmdlet, function, script file, or operable 
program. Check the spelling of the name, or if a path was included, verify that the path is correct and try again.
At line:1 char:1
+ mainclass.cs
+ ~~~~~~~~~~~~
    + CategoryInfo          : ObjectNotFound: (mainclass.cs:String) [], CommandNotFoundException
    + FullyQualifiedErrorId : CommandNotFoundException
mainclass.cs : The term 'mainclass.cs' is not recognized as the name of a cmdlet, function, script file, or operable program. Check the spelling of the
name, or if a path was included, verify that the path is correct and try again.
At line:1 char:1
+ mainclass.cs
+ ~~~~~~~~~~~~
    + CategoryInfo          : ObjectNotFound: (mainclass.cs:String) [], CommandNotFoundException
    + FullyQualifiedErrorId : CommandNotFoundException

PS C:\Users\Administrator\ust-global-training2024\MyFristAssaignment> csc mainclass.cs
Microsoft (R) Visual C# Compiler version 4.8.4084.0
for C# 5
Copyright (C) Microsoft Corporation. All rights reserved.

This compiler is provided as part of the Microsoft (R) .NET Framework, but only supports language versions up to C# 5, which is no longer the latest version.
 For compilers that support newer versions of the C# programming language, see http://go.microsoft.com/fwlink/?LinkID=533240

mainclass.cs(2,7): error CS0246: The type or namespace name 'renjitha' could not be found (are you missing a using directive or an assembly reference?)
PS C:\Users\Administrator\ust-global-training2024\MyFristAssaignment> csc /target:library .\Mydemo.cs
Microsoft (R) Visual C# Compiler version 4.8.4084.0
for C# 5
Copyright (C) Microsoft Corporation. All rights reserved.

This compiler is provided as part of the Microsoft (R) .NET Framework, but only supports language versions up to C# 5, which is no longer the latest version.
 For compilers that support newer versions of the C# programming language, see http://go.microsoft.com/fwlink/?LinkID=533240

Mydemo.cs(6,9): warning CS0169: The field 'renjitha.training.TrainingDashboard.TrainerName' is never used
Mydemo.cs(7,9): warning CS0169: The field 'renjitha.training.TrainingDashboard.startdate' is never used
Mydemo.cs(8,9): warning CS0169: The field 'renjitha.training.TrainingDashboard.enddate' is never used
Mydemo.cs(9,11): warning CS0169: The field 'renjitha.training.TrainingDashboard.participants' is never used
Mydemo.cs(10,11): warning CS0169: The field 'renjitha.training.TrainingDashboard.topics' is never used
PS C:\Users\Administrator\ust-global-training2024\MyFristAssaignment> csc .\Mydemo.cs
Microsoft (R) Visual C# Compiler version 4.8.4084.0
for C# 5
Copyright (C) Microsoft Corporation. All rights reserved.

This compiler is provided as part of the Microsoft (R) .NET Framework, but only supports language versions up to C# 5, which is no longer the latest version.
 For compilers that support newer versions of the C# programming language, see http://go.microsoft.com/fwlink/?LinkID=533240

error CS5001: Program 'c:\Users\Administrator\ust-global-training2024\MyFristAssaignment\Mydemo.exe' does not contain a static 'Main' method suitable for an
        entry point
PS C:\Users\Administrator\ust-global-training2024\MyFristAssaignment> csc .\Mydemo.cs
Microsoft (R) Visual C# Compiler version 4.8.4084.0
for C# 5
Copyright (C) Microsoft Corporation. All rights reserved.

This compiler is provided as part of the Microsoft (R) .NET Framework, but only supports language versions up to C# 5, which is no longer the latest version.
 For compilers that support newer versions of the C# programming language, see http://go.microsoft.com/fwlink/?LinkID=533240

Mydemo.cs(6,9): warning CS0169: The field 'renjitha.training.TrainingDashboard.TrainerName' is never used
Mydemo.cs(7,9): warning CS0169: The field 'renjitha.training.TrainingDashboard.startdate' is never used
Mydemo.cs(8,9): warning CS0169: The field 'renjitha.training.TrainingDashboard.enddate' is never used
Mydemo.cs(9,11): warning CS0169: The field 'renjitha.training.TrainingDashboard.participants' is never used
Mydemo.cs(10,11): warning CS0169: The field 'renjitha.training.TrainingDashboard.topics' is never used
PS C:\Users\Administrator\ust-global-training2024\MyFristAssaignment> .\Mydemo.exe
 Inside Publish method
 Inside generateReport method
PS C:\Users\Administrator\ust-global-training2024\MyFristAssaignment> git status
On branch Renjitha-branch
Your branch is up to date with 'origin/Renjitha-branch'.

Changes not staged for commit:
  (use "git add <file>..." to update what will be committed)
  (use "git restore <file>..." to discard changes in working directory)
        modified:   ../Renjitha_user.log

Untracked files:
  (use "git add <file>..." to include in what will be committed)
        ./

no changes added to commit (use "git add" and/or "git commit -a")
PS C:\Users\Administrator\ust-global-training2024\MyFristAssaignment> Stop-Transcript
**********************
Windows PowerShell transcript end
End time: 20240326231711
**********************
